[2025-10-27 18:52:05] bump_on_build: cwd=C:\Users\gary\OneDrive\Documents\PlatformIO\Projects\ThermaBridge
[2025-10-27 18:52:05] bump_on_build: checking bump script at C:\Users\gary\OneDrive\Documents\PlatformIO\Projects\ThermaBridge\scripts\bump_build.py
[2025-10-27 18:52:05] bump_on_build: invoking bump script (python C:\Users\gary\OneDrive\Documents\PlatformIO\Projects\ThermaBridge\scripts\bump_build.py)
[2025-10-27 18:52:05] bump_on_build: returncode=0
[2025-10-27 18:52:05] bump_on_build: stdout:
Generated C:\Users\gary\OneDrive\Documents\PlatformIO\Projects\ThermaBridge\src\build_info.h with FW_VERSION=v1.3.1

[2025-10-27 18:52:18] bump_on_build: cwd=C:\Users\gary\OneDrive\Documents\PlatformIO\Projects\ThermaBridge
[2025-10-27 18:52:18] bump_on_build: checking bump script at C:\Users\gary\OneDrive\Documents\PlatformIO\Projects\ThermaBridge\scripts\bump_build.py
[2025-10-27 18:52:18] bump_on_build: invoking bump script (python C:\Users\gary\OneDrive\Documents\PlatformIO\Projects\ThermaBridge\scripts\bump_build.py)
[2025-10-27 18:52:18] bump_on_build: returncode=0
[2025-10-27 18:52:18] bump_on_build: stdout:
Generated C:\Users\gary\OneDrive\Documents\PlatformIO\Projects\ThermaBridge\src\build_info.h with FW_VERSION=v1.3.2

[2025-10-27 18:52:46] bump_on_build: cwd=C:\Users\gary\OneDrive\Documents\PlatformIO\Projects\ThermaBridge
[2025-10-27 18:52:46] bump_on_build: checking bump script at C:\Users\gary\OneDrive\Documents\PlatformIO\Projects\ThermaBridge\scripts\bump_build.py
[2025-10-27 18:52:46] bump_on_build: invoking bump script (python C:\Users\gary\OneDrive\Documents\PlatformIO\Projects\ThermaBridge\scripts\bump_build.py)
[2025-10-27 18:52:46] bump_on_build: returncode=0
[2025-10-27 18:52:46] bump_on_build: stdout:
Generated C:\Users\gary\OneDrive\Documents\PlatformIO\Projects\ThermaBridge\src\build_info.h with FW_VERSION=v1.3.3

[2025-10-27 18:55:54] bump_on_build: cwd=C:\Users\gary\OneDrive\Documents\PlatformIO\Projects\ThermaBridge
[2025-10-27 18:55:54] bump_on_build: checking bump script at C:\Users\gary\OneDrive\Documents\PlatformIO\Projects\ThermaBridge\scripts\bump_build.py
[2025-10-27 18:55:54] bump_on_build: invoking bump script (python C:\Users\gary\OneDrive\Documents\PlatformIO\Projects\ThermaBridge\scripts\bump_build.py)
[2025-10-27 18:55:55] bump_on_build: returncode=0
[2025-10-27 18:55:55] bump_on_build: stdout:
Generated C:\Users\gary\OneDrive\Documents\PlatformIO\Projects\ThermaBridge\src\build_info.h with FW_VERSION=v1.0.4

[2025-10-27 18:55:58] bump_on_build: cwd=C:\Users\gary\OneDrive\Documents\PlatformIO\Projects\ThermaBridge
[2025-10-27 18:55:58] bump_on_build: checking bump script at C:\Users\gary\OneDrive\Documents\PlatformIO\Projects\ThermaBridge\scripts\bump_build.py
[2025-10-27 18:55:58] bump_on_build: invoking bump script (python C:\Users\gary\OneDrive\Documents\PlatformIO\Projects\ThermaBridge\scripts\bump_build.py)
[2025-10-27 18:55:58] bump_on_build: returncode=0
[2025-10-27 18:55:58] bump_on_build: stdout:
Generated C:\Users\gary\OneDrive\Documents\PlatformIO\Projects\ThermaBridge\src\build_info.h with FW_VERSION=v1.0.5

[2025-10-27 18:56:07] bump_on_build: cwd=C:\Users\gary\OneDrive\Documents\PlatformIO\Projects\ThermaBridge
[2025-10-27 18:56:07] bump_on_build: checking bump script at C:\Users\gary\OneDrive\Documents\PlatformIO\Projects\ThermaBridge\scripts\bump_build.py
[2025-10-27 18:56:07] bump_on_build: invoking bump script (python C:\Users\gary\OneDrive\Documents\PlatformIO\Projects\ThermaBridge\scripts\bump_build.py)
[2025-10-27 18:56:07] bump_on_build: returncode=0
[2025-10-27 18:56:07] bump_on_build: stdout:
Generated C:\Users\gary\OneDrive\Documents\PlatformIO\Projects\ThermaBridge\src\build_info.h with FW_VERSION=v1.0.6

[2025-10-27 18:58:34] bump_on_build: cwd=C:\Users\gary\OneDrive\Documents\PlatformIO\Projects\ThermaBridge
[2025-10-27 18:58:34] bump_on_build: checking bump script at C:\Users\gary\OneDrive\Documents\PlatformIO\Projects\ThermaBridge\scripts\bump_build.py
[2025-10-27 18:58:34] bump_on_build: invoking bump script (python C:\Users\gary\OneDrive\Documents\PlatformIO\Projects\ThermaBridge\scripts\bump_build.py)
[2025-10-27 18:58:34] bump_on_build: returncode=0
[2025-10-27 18:58:34] bump_on_build: stdout:
Generated C:\Users\gary\OneDrive\Documents\PlatformIO\Projects\ThermaBridge\src\build_info.h with FW_VERSION=v1.0.7

[2025-10-27 18:58:39] bump_on_build: cwd=C:\Users\gary\OneDrive\Documents\PlatformIO\Projects\ThermaBridge
[2025-10-27 18:58:39] bump_on_build: checking bump script at C:\Users\gary\OneDrive\Documents\PlatformIO\Projects\ThermaBridge\scripts\bump_build.py
[2025-10-27 18:58:39] bump_on_build: invoking bump script (python C:\Users\gary\OneDrive\Documents\PlatformIO\Projects\ThermaBridge\scripts\bump_build.py)
[2025-10-27 18:58:39] bump_on_build: returncode=0
[2025-10-27 18:58:39] bump_on_build: stdout:
Generated C:\Users\gary\OneDrive\Documents\PlatformIO\Projects\ThermaBridge\src\build_info.h with FW_VERSION=v1.0.8

[2025-10-27 18:58:53] bump_on_build: cwd=C:\Users\gary\OneDrive\Documents\PlatformIO\Projects\ThermaBridge
[2025-10-27 18:58:53] bump_on_build: checking bump script at C:\Users\gary\OneDrive\Documents\PlatformIO\Projects\ThermaBridge\scripts\bump_build.py
[2025-10-27 18:58:53] bump_on_build: invoking bump script (python C:\Users\gary\OneDrive\Documents\PlatformIO\Projects\ThermaBridge\scripts\bump_build.py)
[2025-10-27 18:58:53] bump_on_build: returncode=0
[2025-10-27 18:58:53] bump_on_build: stdout:
Generated C:\Users\gary\OneDrive\Documents\PlatformIO\Projects\ThermaBridge\src\build_info.h with FW_VERSION=v1.0.9

[2025-10-27 18:59:40] bump_on_build: cwd=C:\Users\gary\OneDrive\Documents\PlatformIO\Projects\ThermaBridge
[2025-10-27 18:59:40] bump_on_build: checking bump script at C:\Users\gary\OneDrive\Documents\PlatformIO\Projects\ThermaBridge\scripts\bump_build.py
[2025-10-27 18:59:40] bump_on_build: invoking bump script (python C:\Users\gary\OneDrive\Documents\PlatformIO\Projects\ThermaBridge\scripts\bump_build.py)
[2025-10-27 18:59:40] bump_on_build: returncode=0
[2025-10-27 18:59:40] bump_on_build: stdout:
Generated C:\Users\gary\OneDrive\Documents\PlatformIO\Projects\ThermaBridge\src\build_info.h with FW_VERSION=v1.0.10

[2025-10-27 19:00:10] bump_on_build: cwd=C:\Users\gary\OneDrive\Documents\PlatformIO\Projects\ThermaBridge
[2025-10-27 19:00:10] bump_on_build: checking bump script at C:\Users\gary\OneDrive\Documents\PlatformIO\Projects\ThermaBridge\scripts\bump_build.py
[2025-10-27 19:00:10] bump_on_build: invoking bump script (python C:\Users\gary\OneDrive\Documents\PlatformIO\Projects\ThermaBridge\scripts\bump_build.py)
[2025-10-27 19:00:10] bump_on_build: returncode=0
[2025-10-27 19:00:10] bump_on_build: stdout:
Generated C:\Users\gary\OneDrive\Documents\PlatformIO\Projects\ThermaBridge\src\build_info.h with FW_VERSION=v1.0.11

[2025-10-27 19:00:19] bump_on_build: cwd=C:\Users\gary\OneDrive\Documents\PlatformIO\Projects\ThermaBridge
[2025-10-27 19:00:19] bump_on_build: checking bump script at C:\Users\gary\OneDrive\Documents\PlatformIO\Projects\ThermaBridge\scripts\bump_build.py
[2025-10-27 19:00:19] bump_on_build: invoking bump script (python C:\Users\gary\OneDrive\Documents\PlatformIO\Projects\ThermaBridge\scripts\bump_build.py)
[2025-10-27 19:00:19] bump_on_build: returncode=0
[2025-10-27 19:00:19] bump_on_build: stdout:
Generated C:\Users\gary\OneDrive\Documents\PlatformIO\Projects\ThermaBridge\src\build_info.h with FW_VERSION=v1.0.12

[2025-10-27 19:01:12] bump_on_build: cwd=C:\Users\gary\OneDrive\Documents\PlatformIO\Projects\ThermaBridge
[2025-10-27 19:01:12] bump_on_build: checking bump script at C:\Users\gary\OneDrive\Documents\PlatformIO\Projects\ThermaBridge\scripts\bump_build.py
[2025-10-27 19:01:12] bump_on_build: invoking bump script (python C:\Users\gary\OneDrive\Documents\PlatformIO\Projects\ThermaBridge\scripts\bump_build.py)
[2025-10-27 19:01:12] bump_on_build: returncode=0
[2025-10-27 19:01:12] bump_on_build: stdout:
Generated C:\Users\gary\OneDrive\Documents\PlatformIO\Projects\ThermaBridge\src\build_info.h with FW_VERSION=v1.0.13

[2025-10-27 19:01:22] bump_on_build: cwd=C:\Users\gary\OneDrive\Documents\PlatformIO\Projects\ThermaBridge
[2025-10-27 19:01:22] bump_on_build: checking bump script at C:\Users\gary\OneDrive\Documents\PlatformIO\Projects\ThermaBridge\scripts\bump_build.py
[2025-10-27 19:01:22] bump_on_build: invoking bump script (python C:\Users\gary\OneDrive\Documents\PlatformIO\Projects\ThermaBridge\scripts\bump_build.py)
[2025-10-27 19:01:22] bump_on_build: returncode=0
[2025-10-27 19:01:22] bump_on_build: stdout:
Generated C:\Users\gary\OneDrive\Documents\PlatformIO\Projects\ThermaBridge\src\build_info.h with FW_VERSION=v1.0.14

[2025-10-27 19:05:51] bump_on_build: cwd=C:\Users\gary\OneDrive\Documents\PlatformIO\Projects\ThermaBridge
[2025-10-27 19:05:51] bump_on_build: checking bump script at C:\Users\gary\OneDrive\Documents\PlatformIO\Projects\ThermaBridge\scripts\bump_build.py
[2025-10-27 19:05:51] bump_on_build: invoking bump script (python C:\Users\gary\OneDrive\Documents\PlatformIO\Projects\ThermaBridge\scripts\bump_build.py)
[2025-10-27 19:05:51] bump_on_build: returncode=0
[2025-10-27 19:05:51] bump_on_build: stdout:
Generated C:\Users\gary\OneDrive\Documents\PlatformIO\Projects\ThermaBridge\src\build_info.h with FW_VERSION=v1.0.15

[2025-10-27 19:33:14] bump_on_build: cwd=C:\Users\gary\OneDrive\Documents\PlatformIO\Projects\ThermaBridge
[2025-10-27 19:33:14] bump_on_build: checking bump script at C:\Users\gary\OneDrive\Documents\PlatformIO\Projects\ThermaBridge\scripts\bump_build.py
[2025-10-27 19:33:14] bump_on_build: invoking bump script (python C:\Users\gary\OneDrive\Documents\PlatformIO\Projects\ThermaBridge\scripts\bump_build.py)
[2025-10-27 19:33:14] bump_on_build: returncode=0
[2025-10-27 19:33:14] bump_on_build: stdout:
Generated C:\Users\gary\OneDrive\Documents\PlatformIO\Projects\ThermaBridge\src\build_info.h with FW_VERSION=v1.0.16

[2025-10-27 19:33:34] bump_on_build: cwd=C:\Users\gary\OneDrive\Documents\PlatformIO\Projects\ThermaBridge
[2025-10-27 19:33:34] bump_on_build: checking bump script at C:\Users\gary\OneDrive\Documents\PlatformIO\Projects\ThermaBridge\scripts\bump_build.py
[2025-10-27 19:33:34] bump_on_build: invoking bump script (python C:\Users\gary\OneDrive\Documents\PlatformIO\Projects\ThermaBridge\scripts\bump_build.py)
[2025-10-27 19:33:34] bump_on_build: returncode=0
[2025-10-27 19:33:34] bump_on_build: stdout:
Generated C:\Users\gary\OneDrive\Documents\PlatformIO\Projects\ThermaBridge\src\build_info.h with FW_VERSION=v1.0.17

[2025-10-27 20:00:48] bump_on_build: cwd=C:\Users\gary\OneDrive\Documents\PlatformIO\Projects\ThermaBridge
[2025-10-27 20:00:48] bump_on_build: checking bump script at C:\Users\gary\OneDrive\Documents\PlatformIO\Projects\ThermaBridge\scripts\bump_build.py
[2025-10-27 20:00:48] bump_on_build: invoking bump script (python C:\Users\gary\OneDrive\Documents\PlatformIO\Projects\ThermaBridge\scripts\bump_build.py)
[2025-10-27 20:00:48] bump_on_build: returncode=0
[2025-10-27 20:00:48] bump_on_build: stdout:
Generated C:\Users\gary\OneDrive\Documents\PlatformIO\Projects\ThermaBridge\src\build_info.h with FW_VERSION=v1.0.18

[2025-10-27 20:01:01] bump_on_build: cwd=C:\Users\gary\OneDrive\Documents\PlatformIO\Projects\ThermaBridge
[2025-10-27 20:01:01] bump_on_build: checking bump script at C:\Users\gary\OneDrive\Documents\PlatformIO\Projects\ThermaBridge\scripts\bump_build.py
[2025-10-27 20:01:01] bump_on_build: invoking bump script (python C:\Users\gary\OneDrive\Documents\PlatformIO\Projects\ThermaBridge\scripts\bump_build.py)
[2025-10-27 20:01:01] bump_on_build: returncode=0
[2025-10-27 20:01:01] bump_on_build: stdout:
Generated C:\Users\gary\OneDrive\Documents\PlatformIO\Projects\ThermaBridge\src\build_info.h with FW_VERSION=v1.0.19

[2025-10-27 20:02:37] bump_on_build: cwd=C:\Users\gary\OneDrive\Documents\PlatformIO\Projects\ThermaBridge
[2025-10-27 20:02:37] bump_on_build: checking bump script at C:\Users\gary\OneDrive\Documents\PlatformIO\Projects\ThermaBridge\scripts\bump_build.py
[2025-10-27 20:02:37] bump_on_build: invoking bump script (python C:\Users\gary\OneDrive\Documents\PlatformIO\Projects\ThermaBridge\scripts\bump_build.py)
[2025-10-27 20:02:37] bump_on_build: returncode=0
[2025-10-27 20:02:37] bump_on_build: stdout:
Generated C:\Users\gary\OneDrive\Documents\PlatformIO\Projects\ThermaBridge\src\build_info.h with FW_VERSION=v1.0.20

[2025-10-27 20:02:49] bump_on_build: cwd=C:\Users\gary\OneDrive\Documents\PlatformIO\Projects\ThermaBridge
[2025-10-27 20:02:49] bump_on_build: checking bump script at C:\Users\gary\OneDrive\Documents\PlatformIO\Projects\ThermaBridge\scripts\bump_build.py
[2025-10-27 20:02:49] bump_on_build: invoking bump script (python C:\Users\gary\OneDrive\Documents\PlatformIO\Projects\ThermaBridge\scripts\bump_build.py)
[2025-10-27 20:02:49] bump_on_build: returncode=0
[2025-10-27 20:02:49] bump_on_build: stdout:
Generated C:\Users\gary\OneDrive\Documents\PlatformIO\Projects\ThermaBridge\src\build_info.h with FW_VERSION=v1.0.21

[2025-10-27 20:04:56] bump_on_build: cwd=C:\Users\gary\OneDrive\Documents\PlatformIO\Projects\ThermaBridge
[2025-10-27 20:04:56] bump_on_build: checking bump script at C:\Users\gary\OneDrive\Documents\PlatformIO\Projects\ThermaBridge\scripts\bump_build.py
[2025-10-27 20:04:56] bump_on_build: invoking bump script (python C:\Users\gary\OneDrive\Documents\PlatformIO\Projects\ThermaBridge\scripts\bump_build.py)
[2025-10-27 20:04:57] bump_on_build: returncode=0
[2025-10-27 20:04:57] bump_on_build: stdout:
Generated C:\Users\gary\OneDrive\Documents\PlatformIO\Projects\ThermaBridge\src\build_info.h with FW_VERSION=v1.0.22

[2025-10-27 20:05:09] bump_on_build: cwd=C:\Users\gary\OneDrive\Documents\PlatformIO\Projects\ThermaBridge
[2025-10-27 20:05:09] bump_on_build: checking bump script at C:\Users\gary\OneDrive\Documents\PlatformIO\Projects\ThermaBridge\scripts\bump_build.py
[2025-10-27 20:05:09] bump_on_build: invoking bump script (python C:\Users\gary\OneDrive\Documents\PlatformIO\Projects\ThermaBridge\scripts\bump_build.py)
[2025-10-27 20:05:09] bump_on_build: returncode=0
[2025-10-27 20:05:09] bump_on_build: stdout:
Generated C:\Users\gary\OneDrive\Documents\PlatformIO\Projects\ThermaBridge\src\build_info.h with FW_VERSION=v1.0.23

[2025-10-27 20:06:17] bump_on_build: cwd=C:\Users\gary\OneDrive\Documents\PlatformIO\Projects\ThermaBridge
[2025-10-27 20:06:17] bump_on_build: checking bump script at C:\Users\gary\OneDrive\Documents\PlatformIO\Projects\ThermaBridge\scripts\bump_build.py
[2025-10-27 20:06:17] bump_on_build: invoking bump script (python C:\Users\gary\OneDrive\Documents\PlatformIO\Projects\ThermaBridge\scripts\bump_build.py)
[2025-10-27 20:06:17] bump_on_build: returncode=0
[2025-10-27 20:06:17] bump_on_build: stdout:
Generated C:\Users\gary\OneDrive\Documents\PlatformIO\Projects\ThermaBridge\src\build_info.h with FW_VERSION=v1.0.24

[2025-10-27 20:06:34] bump_on_build: cwd=C:\Users\gary\OneDrive\Documents\PlatformIO\Projects\ThermaBridge
[2025-10-27 20:06:34] bump_on_build: checking bump script at C:\Users\gary\OneDrive\Documents\PlatformIO\Projects\ThermaBridge\scripts\bump_build.py
[2025-10-27 20:06:34] bump_on_build: invoking bump script (python C:\Users\gary\OneDrive\Documents\PlatformIO\Projects\ThermaBridge\scripts\bump_build.py)
[2025-10-27 20:06:34] bump_on_build: returncode=0
[2025-10-27 20:06:34] bump_on_build: stdout:
Generated C:\Users\gary\OneDrive\Documents\PlatformIO\Projects\ThermaBridge\src\build_info.h with FW_VERSION=v1.0.25

[2025-10-27 20:15:23] bump_on_build: cwd=C:\Users\gary\OneDrive\Documents\PlatformIO\Projects\ThermaBridge
[2025-10-27 20:15:23] bump_on_build: checking bump script at C:\Users\gary\OneDrive\Documents\PlatformIO\Projects\ThermaBridge\scripts\bump_build.py
[2025-10-27 20:15:23] bump_on_build: invoking bump script (python C:\Users\gary\OneDrive\Documents\PlatformIO\Projects\ThermaBridge\scripts\bump_build.py)
[2025-10-27 20:15:23] bump_on_build: returncode=0
[2025-10-27 20:15:23] bump_on_build: stdout:
Generated C:\Users\gary\OneDrive\Documents\PlatformIO\Projects\ThermaBridge\src\build_info.h with FW_VERSION=v1.0.26

[2025-10-27 20:15:45] bump_on_build: cwd=C:\Users\gary\OneDrive\Documents\PlatformIO\Projects\ThermaBridge
[2025-10-27 20:15:45] bump_on_build: checking bump script at C:\Users\gary\OneDrive\Documents\PlatformIO\Projects\ThermaBridge\scripts\bump_build.py
[2025-10-27 20:15:45] bump_on_build: invoking bump script (python C:\Users\gary\OneDrive\Documents\PlatformIO\Projects\ThermaBridge\scripts\bump_build.py)
[2025-10-27 20:15:45] bump_on_build: returncode=0
[2025-10-27 20:15:45] bump_on_build: stdout:
Generated C:\Users\gary\OneDrive\Documents\PlatformIO\Projects\ThermaBridge\src\build_info.h with FW_VERSION=v1.0.27

[2025-10-27 21:40:57] bump_on_build: cwd=C:\Users\gary\OneDrive\Documents\PlatformIO\Projects\ThermaBridge
[2025-10-27 21:40:57] bump_on_build: checking bump script at C:\Users\gary\OneDrive\Documents\PlatformIO\Projects\ThermaBridge\scripts\bump_build.py
[2025-10-27 21:40:57] bump_on_build: invoking bump script (python C:\Users\gary\OneDrive\Documents\PlatformIO\Projects\ThermaBridge\scripts\bump_build.py)
[2025-10-27 21:40:58] bump_on_build: returncode=0
[2025-10-27 21:40:58] bump_on_build: stdout:
Generated C:\Users\gary\OneDrive\Documents\PlatformIO\Projects\ThermaBridge\src\build_info.h with FW_VERSION=v1.0.28

[2025-10-27 21:41:17] bump_on_build: cwd=C:\Users\gary\OneDrive\Documents\PlatformIO\Projects\ThermaBridge
[2025-10-27 21:41:17] bump_on_build: checking bump script at C:\Users\gary\OneDrive\Documents\PlatformIO\Projects\ThermaBridge\scripts\bump_build.py
[2025-10-27 21:41:17] bump_on_build: invoking bump script (python C:\Users\gary\OneDrive\Documents\PlatformIO\Projects\ThermaBridge\scripts\bump_build.py)
[2025-10-27 21:41:17] bump_on_build: returncode=0
[2025-10-27 21:41:17] bump_on_build: stdout:
Generated C:\Users\gary\OneDrive\Documents\PlatformIO\Projects\ThermaBridge\src\build_info.h with FW_VERSION=v1.0.29

[2025-10-27 21:41:33] bump_on_build: cwd=C:\Users\gary\OneDrive\Documents\PlatformIO\Projects\ThermaBridge
[2025-10-27 21:41:33] bump_on_build: checking bump script at C:\Users\gary\OneDrive\Documents\PlatformIO\Projects\ThermaBridge\scripts\bump_build.py
[2025-10-27 21:41:33] bump_on_build: invoking bump script (python C:\Users\gary\OneDrive\Documents\PlatformIO\Projects\ThermaBridge\scripts\bump_build.py)
[2025-10-27 21:41:33] bump_on_build: returncode=0
[2025-10-27 21:41:33] bump_on_build: stdout:
Generated C:\Users\gary\OneDrive\Documents\PlatformIO\Projects\ThermaBridge\src\build_info.h with FW_VERSION=v1.0.30

[2025-10-27 21:41:39] bump_on_build: cwd=C:\Users\gary\OneDrive\Documents\PlatformIO\Projects\ThermaBridge
[2025-10-27 21:41:39] bump_on_build: checking bump script at C:\Users\gary\OneDrive\Documents\PlatformIO\Projects\ThermaBridge\scripts\bump_build.py
[2025-10-27 21:41:39] bump_on_build: invoking bump script (python C:\Users\gary\OneDrive\Documents\PlatformIO\Projects\ThermaBridge\scripts\bump_build.py)
[2025-10-27 21:41:39] bump_on_build: returncode=0
[2025-10-27 21:41:39] bump_on_build: stdout:
Generated C:\Users\gary\OneDrive\Documents\PlatformIO\Projects\ThermaBridge\src\build_info.h with FW_VERSION=v1.0.31

[2025-10-27 21:41:49] bump_on_build: cwd=C:\Users\gary\OneDrive\Documents\PlatformIO\Projects\ThermaBridge
[2025-10-27 21:41:49] bump_on_build: checking bump script at C:\Users\gary\OneDrive\Documents\PlatformIO\Projects\ThermaBridge\scripts\bump_build.py
[2025-10-27 21:41:49] bump_on_build: invoking bump script (python C:\Users\gary\OneDrive\Documents\PlatformIO\Projects\ThermaBridge\scripts\bump_build.py)
[2025-10-27 21:41:49] bump_on_build: returncode=0
[2025-10-27 21:41:49] bump_on_build: stdout:
Generated C:\Users\gary\OneDrive\Documents\PlatformIO\Projects\ThermaBridge\src\build_info.h with FW_VERSION=v1.0.32

[2025-10-27 21:42:26] bump_on_build: cwd=C:\Users\gary\OneDrive\Documents\PlatformIO\Projects\ThermaBridge
[2025-10-27 21:42:26] bump_on_build: checking bump script at C:\Users\gary\OneDrive\Documents\PlatformIO\Projects\ThermaBridge\scripts\bump_build.py
[2025-10-27 21:42:26] bump_on_build: invoking bump script (python C:\Users\gary\OneDrive\Documents\PlatformIO\Projects\ThermaBridge\scripts\bump_build.py)
[2025-10-27 21:42:26] bump_on_build: returncode=0
[2025-10-27 21:42:26] bump_on_build: stdout:
Generated C:\Users\gary\OneDrive\Documents\PlatformIO\Projects\ThermaBridge\src\build_info.h with FW_VERSION=v1.0.33

[2025-10-27 21:42:39] bump_on_build: cwd=C:\Users\gary\OneDrive\Documents\PlatformIO\Projects\ThermaBridge
[2025-10-27 21:42:39] bump_on_build: checking bump script at C:\Users\gary\OneDrive\Documents\PlatformIO\Projects\ThermaBridge\scripts\bump_build.py
[2025-10-27 21:42:39] bump_on_build: invoking bump script (python C:\Users\gary\OneDrive\Documents\PlatformIO\Projects\ThermaBridge\scripts\bump_build.py)
[2025-10-27 21:42:39] bump_on_build: returncode=0
[2025-10-27 21:42:39] bump_on_build: stdout:
Generated C:\Users\gary\OneDrive\Documents\PlatformIO\Projects\ThermaBridge\src\build_info.h with FW_VERSION=v1.0.34

[2025-10-27 21:42:45] bump_on_build: cwd=C:\Users\gary\OneDrive\Documents\PlatformIO\Projects\ThermaBridge
[2025-10-27 21:42:45] bump_on_build: checking bump script at C:\Users\gary\OneDrive\Documents\PlatformIO\Projects\ThermaBridge\scripts\bump_build.py
[2025-10-27 21:42:45] bump_on_build: invoking bump script (python C:\Users\gary\OneDrive\Documents\PlatformIO\Projects\ThermaBridge\scripts\bump_build.py)
[2025-10-27 21:42:45] bump_on_build: returncode=0
[2025-10-27 21:42:45] bump_on_build: stdout:
Generated C:\Users\gary\OneDrive\Documents\PlatformIO\Projects\ThermaBridge\src\build_info.h with FW_VERSION=v1.0.35

[2025-10-27 21:43:13] bump_on_build: cwd=C:\Users\gary\OneDrive\Documents\PlatformIO\Projects\ThermaBridge
[2025-10-27 21:43:13] bump_on_build: checking bump script at C:\Users\gary\OneDrive\Documents\PlatformIO\Projects\ThermaBridge\scripts\bump_build.py
[2025-10-27 21:43:13] bump_on_build: invoking bump script (python C:\Users\gary\OneDrive\Documents\PlatformIO\Projects\ThermaBridge\scripts\bump_build.py)
[2025-10-27 21:43:13] bump_on_build: returncode=0
[2025-10-27 21:43:13] bump_on_build: stdout:
Generated C:\Users\gary\OneDrive\Documents\PlatformIO\Projects\ThermaBridge\src\build_info.h with FW_VERSION=v1.0.36

[2025-10-27 21:43:34] bump_on_build: cwd=C:\Users\gary\OneDrive\Documents\PlatformIO\Projects\ThermaBridge
[2025-10-27 21:43:34] bump_on_build: checking bump script at C:\Users\gary\OneDrive\Documents\PlatformIO\Projects\ThermaBridge\scripts\bump_build.py
[2025-10-27 21:43:34] bump_on_build: invoking bump script (python C:\Users\gary\OneDrive\Documents\PlatformIO\Projects\ThermaBridge\scripts\bump_build.py)
[2025-10-27 21:43:34] bump_on_build: returncode=0
[2025-10-27 21:43:34] bump_on_build: stdout:
Generated C:\Users\gary\OneDrive\Documents\PlatformIO\Projects\ThermaBridge\src\build_info.h with FW_VERSION=v1.0.37

[2025-10-27 21:45:21] bump_on_build: cwd=C:\Users\gary\OneDrive\Documents\PlatformIO\Projects\ThermaBridge
[2025-10-27 21:45:21] bump_on_build: checking bump script at C:\Users\gary\OneDrive\Documents\PlatformIO\Projects\ThermaBridge\scripts\bump_build.py
[2025-10-27 21:45:21] bump_on_build: invoking bump script (python C:\Users\gary\OneDrive\Documents\PlatformIO\Projects\ThermaBridge\scripts\bump_build.py)
[2025-10-27 21:45:21] bump_on_build: returncode=0
[2025-10-27 21:45:21] bump_on_build: stdout:
Generated C:\Users\gary\OneDrive\Documents\PlatformIO\Projects\ThermaBridge\src\build_info.h with FW_VERSION=v1.0.38

[2025-10-27 21:45:43] bump_on_build: cwd=C:\Users\gary\OneDrive\Documents\PlatformIO\Projects\ThermaBridge
[2025-10-27 21:45:43] bump_on_build: checking bump script at C:\Users\gary\OneDrive\Documents\PlatformIO\Projects\ThermaBridge\scripts\bump_build.py
[2025-10-27 21:45:43] bump_on_build: invoking bump script (python C:\Users\gary\OneDrive\Documents\PlatformIO\Projects\ThermaBridge\scripts\bump_build.py)
[2025-10-27 21:45:43] bump_on_build: returncode=0
[2025-10-27 21:45:43] bump_on_build: stdout:
Generated C:\Users\gary\OneDrive\Documents\PlatformIO\Projects\ThermaBridge\src\build_info.h with FW_VERSION=v1.0.39

[2025-10-27 21:46:03] bump_on_build: cwd=C:\Users\gary\OneDrive\Documents\PlatformIO\Projects\ThermaBridge
[2025-10-27 21:46:03] bump_on_build: checking bump script at C:\Users\gary\OneDrive\Documents\PlatformIO\Projects\ThermaBridge\scripts\bump_build.py
[2025-10-27 21:46:03] bump_on_build: invoking bump script (python C:\Users\gary\OneDrive\Documents\PlatformIO\Projects\ThermaBridge\scripts\bump_build.py)
[2025-10-27 21:46:03] bump_on_build: returncode=0
[2025-10-27 21:46:03] bump_on_build: stdout:
Generated C:\Users\gary\OneDrive\Documents\PlatformIO\Projects\ThermaBridge\src\build_info.h with FW_VERSION=v1.0.40

[2025-10-27 21:46:13] bump_on_build: cwd=C:\Users\gary\OneDrive\Documents\PlatformIO\Projects\ThermaBridge
[2025-10-27 21:46:13] bump_on_build: checking bump script at C:\Users\gary\OneDrive\Documents\PlatformIO\Projects\ThermaBridge\scripts\bump_build.py
[2025-10-27 21:46:13] bump_on_build: invoking bump script (python C:\Users\gary\OneDrive\Documents\PlatformIO\Projects\ThermaBridge\scripts\bump_build.py)
[2025-10-27 21:46:13] bump_on_build: returncode=0
[2025-10-27 21:46:13] bump_on_build: stdout:
Generated C:\Users\gary\OneDrive\Documents\PlatformIO\Projects\ThermaBridge\src\build_info.h with FW_VERSION=v1.0.41

[2025-10-27 21:55:20] bump_on_build: cwd=C:\Users\gary\OneDrive\Documents\PlatformIO\Projects\ThermaBridge
[2025-10-27 21:55:20] bump_on_build: checking bump script at C:\Users\gary\OneDrive\Documents\PlatformIO\Projects\ThermaBridge\scripts\bump_build.py
[2025-10-27 21:55:20] bump_on_build: invoking bump script (python C:\Users\gary\OneDrive\Documents\PlatformIO\Projects\ThermaBridge\scripts\bump_build.py)
[2025-10-27 21:55:20] bump_on_build: returncode=0
[2025-10-27 21:55:20] bump_on_build: stdout:
Generated C:\Users\gary\OneDrive\Documents\PlatformIO\Projects\ThermaBridge\src\build_info.h with FW_VERSION=v1.0.42

[2025-10-27 21:55:39] bump_on_build: cwd=C:\Users\gary\OneDrive\Documents\PlatformIO\Projects\ThermaBridge
[2025-10-27 21:55:39] bump_on_build: checking bump script at C:\Users\gary\OneDrive\Documents\PlatformIO\Projects\ThermaBridge\scripts\bump_build.py
[2025-10-27 21:55:39] bump_on_build: invoking bump script (python C:\Users\gary\OneDrive\Documents\PlatformIO\Projects\ThermaBridge\scripts\bump_build.py)
[2025-10-27 21:55:39] bump_on_build: returncode=0
[2025-10-27 21:55:39] bump_on_build: stdout:
Generated C:\Users\gary\OneDrive\Documents\PlatformIO\Projects\ThermaBridge\src\build_info.h with FW_VERSION=v1.0.43

[2025-10-27 21:55:57] bump_on_build: cwd=C:\Users\gary\OneDrive\Documents\PlatformIO\Projects\ThermaBridge
[2025-10-27 21:55:57] bump_on_build: checking bump script at C:\Users\gary\OneDrive\Documents\PlatformIO\Projects\ThermaBridge\scripts\bump_build.py
[2025-10-27 21:55:57] bump_on_build: invoking bump script (python C:\Users\gary\OneDrive\Documents\PlatformIO\Projects\ThermaBridge\scripts\bump_build.py)
[2025-10-27 21:55:57] bump_on_build: returncode=0
[2025-10-27 21:55:57] bump_on_build: stdout:
Generated C:\Users\gary\OneDrive\Documents\PlatformIO\Projects\ThermaBridge\src\build_info.h with FW_VERSION=v1.0.44

[2025-10-27 21:56:09] bump_on_build: cwd=C:\Users\gary\OneDrive\Documents\PlatformIO\Projects\ThermaBridge
[2025-10-27 21:56:09] bump_on_build: checking bump script at C:\Users\gary\OneDrive\Documents\PlatformIO\Projects\ThermaBridge\scripts\bump_build.py
[2025-10-27 21:56:09] bump_on_build: invoking bump script (python C:\Users\gary\OneDrive\Documents\PlatformIO\Projects\ThermaBridge\scripts\bump_build.py)
[2025-10-27 21:56:09] bump_on_build: returncode=0
[2025-10-27 21:56:09] bump_on_build: stdout:
Generated C:\Users\gary\OneDrive\Documents\PlatformIO\Projects\ThermaBridge\src\build_info.h with FW_VERSION=v1.0.45

[2025-10-27 21:56:44] bump_on_build: cwd=C:\Users\gary\OneDrive\Documents\PlatformIO\Projects\ThermaBridge
[2025-10-27 21:56:44] bump_on_build: checking bump script at C:\Users\gary\OneDrive\Documents\PlatformIO\Projects\ThermaBridge\scripts\bump_build.py
[2025-10-27 21:56:44] bump_on_build: invoking bump script (python C:\Users\gary\OneDrive\Documents\PlatformIO\Projects\ThermaBridge\scripts\bump_build.py)
[2025-10-27 21:56:44] bump_on_build: returncode=0
[2025-10-27 21:56:44] bump_on_build: stdout:
Generated C:\Users\gary\OneDrive\Documents\PlatformIO\Projects\ThermaBridge\src\build_info.h with FW_VERSION=v1.0.46

[2025-10-27 21:57:51] bump_on_build: cwd=C:\Users\gary\OneDrive\Documents\PlatformIO\Projects\ThermaBridge
[2025-10-27 21:57:51] bump_on_build: checking bump script at C:\Users\gary\OneDrive\Documents\PlatformIO\Projects\ThermaBridge\scripts\bump_build.py
[2025-10-27 21:57:51] bump_on_build: invoking bump script (python C:\Users\gary\OneDrive\Documents\PlatformIO\Projects\ThermaBridge\scripts\bump_build.py)
[2025-10-27 21:57:51] bump_on_build: returncode=0
[2025-10-27 21:57:51] bump_on_build: stdout:
Generated C:\Users\gary\OneDrive\Documents\PlatformIO\Projects\ThermaBridge\src\build_info.h with FW_VERSION=v1.0.47

[2025-10-27 21:58:15] bump_on_build: cwd=C:\Users\gary\OneDrive\Documents\PlatformIO\Projects\ThermaBridge
[2025-10-27 21:58:15] bump_on_build: checking bump script at C:\Users\gary\OneDrive\Documents\PlatformIO\Projects\ThermaBridge\scripts\bump_build.py
[2025-10-27 21:58:15] bump_on_build: invoking bump script (python C:\Users\gary\OneDrive\Documents\PlatformIO\Projects\ThermaBridge\scripts\bump_build.py)
[2025-10-27 21:58:15] bump_on_build: returncode=0
[2025-10-27 21:58:15] bump_on_build: stdout:
Generated C:\Users\gary\OneDrive\Documents\PlatformIO\Projects\ThermaBridge\src\build_info.h with FW_VERSION=v1.0.48

[2025-10-27 21:59:49] bump_on_build: cwd=C:\Users\gary\OneDrive\Documents\PlatformIO\Projects\ThermaBridge
[2025-10-27 21:59:49] bump_on_build: checking bump script at C:\Users\gary\OneDrive\Documents\PlatformIO\Projects\ThermaBridge\scripts\bump_build.py
[2025-10-27 21:59:49] bump_on_build: invoking bump script (python C:\Users\gary\OneDrive\Documents\PlatformIO\Projects\ThermaBridge\scripts\bump_build.py)
[2025-10-27 21:59:50] bump_on_build: returncode=0
[2025-10-27 21:59:50] bump_on_build: stdout:
Generated C:\Users\gary\OneDrive\Documents\PlatformIO\Projects\ThermaBridge\src\build_info.h with FW_VERSION=v1.0.49

[2025-10-27 22:07:08] bump_on_build: cwd=C:\Users\gary\OneDrive\Documents\PlatformIO\Projects\ThermaBridge
[2025-10-27 22:07:08] bump_on_build: checking bump script at C:\Users\gary\OneDrive\Documents\PlatformIO\Projects\ThermaBridge\scripts\bump_build.py
[2025-10-27 22:07:08] bump_on_build: invoking bump script (python C:\Users\gary\OneDrive\Documents\PlatformIO\Projects\ThermaBridge\scripts\bump_build.py)
[2025-10-27 22:07:08] bump_on_build: returncode=0
[2025-10-27 22:07:08] bump_on_build: stdout:
Generated C:\Users\gary\OneDrive\Documents\PlatformIO\Projects\ThermaBridge\src\build_info.h with FW_VERSION=v1.0.50

[2025-10-27 22:07:45] bump_on_build: cwd=C:\Users\gary\OneDrive\Documents\PlatformIO\Projects\ThermaBridge
[2025-10-27 22:07:45] bump_on_build: checking bump script at C:\Users\gary\OneDrive\Documents\PlatformIO\Projects\ThermaBridge\scripts\bump_build.py
[2025-10-27 22:07:45] bump_on_build: invoking bump script (python C:\Users\gary\OneDrive\Documents\PlatformIO\Projects\ThermaBridge\scripts\bump_build.py)
[2025-10-27 22:07:46] bump_on_build: returncode=0
[2025-10-27 22:07:46] bump_on_build: stdout:
Generated C:\Users\gary\OneDrive\Documents\PlatformIO\Projects\ThermaBridge\src\build_info.h with FW_VERSION=v1.0.51

[2025-10-27 22:10:56] bump_on_build: cwd=C:\Users\gary\OneDrive\Documents\PlatformIO\Projects\ThermaBridge
[2025-10-27 22:10:56] bump_on_build: checking bump script at C:\Users\gary\OneDrive\Documents\PlatformIO\Projects\ThermaBridge\scripts\bump_build.py
[2025-10-27 22:10:56] bump_on_build: invoking bump script (python C:\Users\gary\OneDrive\Documents\PlatformIO\Projects\ThermaBridge\scripts\bump_build.py)
[2025-10-27 22:10:56] bump_on_build: returncode=0
[2025-10-27 22:10:56] bump_on_build: stdout:
Generated C:\Users\gary\OneDrive\Documents\PlatformIO\Projects\ThermaBridge\src\build_info.h with FW_VERSION=v1.0.52

[2025-10-27 22:13:25] bump_on_build: cwd=C:\Users\gary\OneDrive\Documents\PlatformIO\Projects\ThermaBridge
[2025-10-27 22:13:25] bump_on_build: checking bump script at C:\Users\gary\OneDrive\Documents\PlatformIO\Projects\ThermaBridge\scripts\bump_build.py
[2025-10-27 22:13:25] bump_on_build: invoking bump script (python C:\Users\gary\OneDrive\Documents\PlatformIO\Projects\ThermaBridge\scripts\bump_build.py)
[2025-10-27 22:13:25] bump_on_build: returncode=0
[2025-10-27 22:13:25] bump_on_build: stdout:
Generated C:\Users\gary\OneDrive\Documents\PlatformIO\Projects\ThermaBridge\src\build_info.h with FW_VERSION=v1.0.53

[2025-10-27 22:13:52] bump_on_build: cwd=C:\Users\gary\OneDrive\Documents\PlatformIO\Projects\ThermaBridge
[2025-10-27 22:13:52] bump_on_build: checking bump script at C:\Users\gary\OneDrive\Documents\PlatformIO\Projects\ThermaBridge\scripts\bump_build.py
[2025-10-27 22:13:52] bump_on_build: invoking bump script (python C:\Users\gary\OneDrive\Documents\PlatformIO\Projects\ThermaBridge\scripts\bump_build.py)
[2025-10-27 22:13:52] bump_on_build: returncode=0
[2025-10-27 22:13:52] bump_on_build: stdout:
Generated C:\Users\gary\OneDrive\Documents\PlatformIO\Projects\ThermaBridge\src\build_info.h with FW_VERSION=v1.0.54

[2025-10-27 22:19:11] bump_on_build: cwd=C:\Users\gary\OneDrive\Documents\PlatformIO\Projects\ThermaBridge
[2025-10-27 22:19:11] bump_on_build: checking bump script at C:\Users\gary\OneDrive\Documents\PlatformIO\Projects\ThermaBridge\scripts\bump_build.py
[2025-10-27 22:19:11] bump_on_build: invoking bump script (python C:\Users\gary\OneDrive\Documents\PlatformIO\Projects\ThermaBridge\scripts\bump_build.py)
[2025-10-27 22:19:11] bump_on_build: returncode=0
[2025-10-27 22:19:11] bump_on_build: stdout:
Generated C:\Users\gary\OneDrive\Documents\PlatformIO\Projects\ThermaBridge\src\build_info.h with FW_VERSION=v1.0.55

[2025-10-27 22:19:48] bump_on_build: cwd=C:\Users\gary\OneDrive\Documents\PlatformIO\Projects\ThermaBridge
[2025-10-27 22:19:48] bump_on_build: checking bump script at C:\Users\gary\OneDrive\Documents\PlatformIO\Projects\ThermaBridge\scripts\bump_build.py
[2025-10-27 22:19:48] bump_on_build: invoking bump script (python C:\Users\gary\OneDrive\Documents\PlatformIO\Projects\ThermaBridge\scripts\bump_build.py)
[2025-10-27 22:19:48] bump_on_build: returncode=0
[2025-10-27 22:19:48] bump_on_build: stdout:
Generated C:\Users\gary\OneDrive\Documents\PlatformIO\Projects\ThermaBridge\src\build_info.h with FW_VERSION=v1.0.56

[2025-10-27 22:22:35] bump_on_build: cwd=C:\Users\gary\OneDrive\Documents\PlatformIO\Projects\ThermaBridge
[2025-10-27 22:22:35] bump_on_build: checking bump script at C:\Users\gary\OneDrive\Documents\PlatformIO\Projects\ThermaBridge\scripts\bump_build.py
[2025-10-27 22:22:35] bump_on_build: invoking bump script (python C:\Users\gary\OneDrive\Documents\PlatformIO\Projects\ThermaBridge\scripts\bump_build.py)
[2025-10-27 22:22:35] bump_on_build: returncode=0
[2025-10-27 22:22:35] bump_on_build: stdout:
Generated C:\Users\gary\OneDrive\Documents\PlatformIO\Projects\ThermaBridge\src\build_info.h with FW_VERSION=v1.0.57

[2025-10-27 22:26:00] bump_on_build: cwd=C:\Users\gary\OneDrive\Documents\PlatformIO\Projects\ThermaBridge
[2025-10-27 22:26:00] bump_on_build: checking bump script at C:\Users\gary\OneDrive\Documents\PlatformIO\Projects\ThermaBridge\scripts\bump_build.py
[2025-10-27 22:26:00] bump_on_build: invoking bump script (python C:\Users\gary\OneDrive\Documents\PlatformIO\Projects\ThermaBridge\scripts\bump_build.py)
[2025-10-27 22:26:00] bump_on_build: returncode=0
[2025-10-27 22:26:00] bump_on_build: stdout:
Generated C:\Users\gary\OneDrive\Documents\PlatformIO\Projects\ThermaBridge\src\build_info.h with FW_VERSION=v1.0.58

[2025-10-27 22:27:43] bump_on_build: cwd=C:\Users\gary\OneDrive\Documents\PlatformIO\Projects\ThermaBridge
[2025-10-27 22:27:43] bump_on_build: checking bump script at C:\Users\gary\OneDrive\Documents\PlatformIO\Projects\ThermaBridge\scripts\bump_build.py
[2025-10-27 22:27:43] bump_on_build: invoking bump script (python C:\Users\gary\OneDrive\Documents\PlatformIO\Projects\ThermaBridge\scripts\bump_build.py)
[2025-10-27 22:27:43] bump_on_build: returncode=0
[2025-10-27 22:27:43] bump_on_build: stdout:
Generated C:\Users\gary\OneDrive\Documents\PlatformIO\Projects\ThermaBridge\src\build_info.h with FW_VERSION=v1.0.59

[2025-10-27 22:27:59] bump_on_build: cwd=C:\Users\gary\OneDrive\Documents\PlatformIO\Projects\ThermaBridge
[2025-10-27 22:27:59] bump_on_build: checking bump script at C:\Users\gary\OneDrive\Documents\PlatformIO\Projects\ThermaBridge\scripts\bump_build.py
[2025-10-27 22:27:59] bump_on_build: invoking bump script (python C:\Users\gary\OneDrive\Documents\PlatformIO\Projects\ThermaBridge\scripts\bump_build.py)
[2025-10-27 22:27:59] bump_on_build: returncode=0
[2025-10-27 22:27:59] bump_on_build: stdout:
Generated C:\Users\gary\OneDrive\Documents\PlatformIO\Projects\ThermaBridge\src\build_info.h with FW_VERSION=v1.0.60

[2025-10-27 22:28:59] bump_on_build: cwd=C:\Users\gary\OneDrive\Documents\PlatformIO\Projects\ThermaBridge
[2025-10-27 22:28:59] bump_on_build: checking bump script at C:\Users\gary\OneDrive\Documents\PlatformIO\Projects\ThermaBridge\scripts\bump_build.py
[2025-10-27 22:28:59] bump_on_build: invoking bump script (python C:\Users\gary\OneDrive\Documents\PlatformIO\Projects\ThermaBridge\scripts\bump_build.py)
[2025-10-27 22:28:59] bump_on_build: returncode=0
[2025-10-27 22:28:59] bump_on_build: stdout:
Generated C:\Users\gary\OneDrive\Documents\PlatformIO\Projects\ThermaBridge\src\build_info.h with FW_VERSION=v1.0.61

[2025-10-27 22:29:36] bump_on_build: cwd=C:\Users\gary\OneDrive\Documents\PlatformIO\Projects\ThermaBridge
[2025-10-27 22:29:36] bump_on_build: checking bump script at C:\Users\gary\OneDrive\Documents\PlatformIO\Projects\ThermaBridge\scripts\bump_build.py
[2025-10-27 22:29:36] bump_on_build: invoking bump script (python C:\Users\gary\OneDrive\Documents\PlatformIO\Projects\ThermaBridge\scripts\bump_build.py)
[2025-10-27 22:29:36] bump_on_build: returncode=0
[2025-10-27 22:29:36] bump_on_build: stdout:
Generated C:\Users\gary\OneDrive\Documents\PlatformIO\Projects\ThermaBridge\src\build_info.h with FW_VERSION=v1.0.62

[2025-10-27 22:30:54] bump_on_build: cwd=C:\Users\gary\OneDrive\Documents\PlatformIO\Projects\ThermaBridge
[2025-10-27 22:30:54] bump_on_build: checking bump script at C:\Users\gary\OneDrive\Documents\PlatformIO\Projects\ThermaBridge\scripts\bump_build.py
[2025-10-27 22:30:54] bump_on_build: invoking bump script (python C:\Users\gary\OneDrive\Documents\PlatformIO\Projects\ThermaBridge\scripts\bump_build.py)
[2025-10-27 22:30:54] bump_on_build: returncode=0
[2025-10-27 22:30:54] bump_on_build: stdout:
Generated C:\Users\gary\OneDrive\Documents\PlatformIO\Projects\ThermaBridge\src\build_info.h with FW_VERSION=v1.0.63

[2025-10-27 22:46:48] bump_on_build: cwd=C:\Users\gary\OneDrive\Documents\PlatformIO\Projects\ThermaBridge
[2025-10-27 22:46:48] bump_on_build: checking bump script at C:\Users\gary\OneDrive\Documents\PlatformIO\Projects\ThermaBridge\scripts\bump_build.py
[2025-10-27 22:46:48] bump_on_build: invoking bump script (python C:\Users\gary\OneDrive\Documents\PlatformIO\Projects\ThermaBridge\scripts\bump_build.py)
[2025-10-27 22:46:49] bump_on_build: returncode=0
[2025-10-27 22:46:49] bump_on_build: stdout:
Generated C:\Users\gary\OneDrive\Documents\PlatformIO\Projects\ThermaBridge\src\build_info.h with FW_VERSION=v1.0.64

[2025-10-27 22:49:01] bump_on_build: cwd=C:\Users\gary\OneDrive\Documents\PlatformIO\Projects\ThermaBridge
[2025-10-27 22:49:01] bump_on_build: checking bump script at C:\Users\gary\OneDrive\Documents\PlatformIO\Projects\ThermaBridge\scripts\bump_build.py
[2025-10-27 22:49:01] bump_on_build: invoking bump script (python C:\Users\gary\OneDrive\Documents\PlatformIO\Projects\ThermaBridge\scripts\bump_build.py)
[2025-10-27 22:49:02] bump_on_build: returncode=0
[2025-10-27 22:49:02] bump_on_build: stdout:
Generated C:\Users\gary\OneDrive\Documents\PlatformIO\Projects\ThermaBridge\src\build_info.h with FW_VERSION=v1.0.65

[2025-10-27 22:56:31] bump_on_build: cwd=C:\Users\gary\OneDrive\Documents\PlatformIO\Projects\ThermaBridge
[2025-10-27 22:56:31] bump_on_build: checking bump script at C:\Users\gary\OneDrive\Documents\PlatformIO\Projects\ThermaBridge\scripts\bump_build.py
[2025-10-27 22:56:31] bump_on_build: invoking bump script (python C:\Users\gary\OneDrive\Documents\PlatformIO\Projects\ThermaBridge\scripts\bump_build.py)
[2025-10-27 22:56:31] bump_on_build: returncode=0
[2025-10-27 22:56:31] bump_on_build: stdout:
Generated C:\Users\gary\OneDrive\Documents\PlatformIO\Projects\ThermaBridge\src\build_info.h with FW_VERSION=v1.0.66

[2025-10-27 22:56:53] bump_on_build: cwd=C:\Users\gary\OneDrive\Documents\PlatformIO\Projects\ThermaBridge
[2025-10-27 22:56:53] bump_on_build: checking bump script at C:\Users\gary\OneDrive\Documents\PlatformIO\Projects\ThermaBridge\scripts\bump_build.py
[2025-10-27 22:56:53] bump_on_build: invoking bump script (python C:\Users\gary\OneDrive\Documents\PlatformIO\Projects\ThermaBridge\scripts\bump_build.py)
[2025-10-27 22:56:53] bump_on_build: returncode=0
[2025-10-27 22:56:53] bump_on_build: stdout:
Generated C:\Users\gary\OneDrive\Documents\PlatformIO\Projects\ThermaBridge\src\build_info.h with FW_VERSION=v1.0.67

[2025-10-27 23:00:09] bump_on_build: cwd=C:\Users\gary\OneDrive\Documents\PlatformIO\Projects\ThermaBridge
[2025-10-27 23:00:09] bump_on_build: checking bump script at C:\Users\gary\OneDrive\Documents\PlatformIO\Projects\ThermaBridge\scripts\bump_build.py
[2025-10-27 23:00:09] bump_on_build: invoking bump script (python C:\Users\gary\OneDrive\Documents\PlatformIO\Projects\ThermaBridge\scripts\bump_build.py)
[2025-10-27 23:00:10] bump_on_build: returncode=0
[2025-10-27 23:00:10] bump_on_build: stdout:
Generated C:\Users\gary\OneDrive\Documents\PlatformIO\Projects\ThermaBridge\src\build_info.h with FW_VERSION=v1.0.68

[2025-10-27 23:00:36] bump_on_build: cwd=C:\Users\gary\OneDrive\Documents\PlatformIO\Projects\ThermaBridge
[2025-10-27 23:00:36] bump_on_build: checking bump script at C:\Users\gary\OneDrive\Documents\PlatformIO\Projects\ThermaBridge\scripts\bump_build.py
[2025-10-27 23:00:36] bump_on_build: invoking bump script (python C:\Users\gary\OneDrive\Documents\PlatformIO\Projects\ThermaBridge\scripts\bump_build.py)
[2025-10-27 23:00:37] bump_on_build: returncode=0
[2025-10-27 23:00:37] bump_on_build: stdout:
Generated C:\Users\gary\OneDrive\Documents\PlatformIO\Projects\ThermaBridge\src\build_info.h with FW_VERSION=v1.0.69

[2025-10-27 23:03:43] bump_on_build: cwd=C:\Users\gary\OneDrive\Documents\PlatformIO\Projects\ThermaBridge
[2025-10-27 23:03:43] bump_on_build: checking bump script at C:\Users\gary\OneDrive\Documents\PlatformIO\Projects\ThermaBridge\scripts\bump_build.py
[2025-10-27 23:03:43] bump_on_build: invoking bump script (python C:\Users\gary\OneDrive\Documents\PlatformIO\Projects\ThermaBridge\scripts\bump_build.py)
[2025-10-27 23:03:43] bump_on_build: returncode=0
[2025-10-27 23:03:43] bump_on_build: stdout:
Generated C:\Users\gary\OneDrive\Documents\PlatformIO\Projects\ThermaBridge\src\build_info.h with FW_VERSION=v1.0.70

[2025-10-27 23:06:06] bump_on_build: cwd=C:\Users\gary\OneDrive\Documents\PlatformIO\Projects\ThermaBridge
[2025-10-27 23:06:06] bump_on_build: checking bump script at C:\Users\gary\OneDrive\Documents\PlatformIO\Projects\ThermaBridge\scripts\bump_build.py
[2025-10-27 23:06:06] bump_on_build: invoking bump script (python C:\Users\gary\OneDrive\Documents\PlatformIO\Projects\ThermaBridge\scripts\bump_build.py)
[2025-10-27 23:06:06] bump_on_build: returncode=0
[2025-10-27 23:06:06] bump_on_build: stdout:
Generated C:\Users\gary\OneDrive\Documents\PlatformIO\Projects\ThermaBridge\src\build_info.h with FW_VERSION=v1.0.71

[2025-10-27 23:06:48] bump_on_build: cwd=C:\Users\gary\OneDrive\Documents\PlatformIO\Projects\ThermaBridge
[2025-10-27 23:06:48] bump_on_build: checking bump script at C:\Users\gary\OneDrive\Documents\PlatformIO\Projects\ThermaBridge\scripts\bump_build.py
[2025-10-27 23:06:48] bump_on_build: invoking bump script (python C:\Users\gary\OneDrive\Documents\PlatformIO\Projects\ThermaBridge\scripts\bump_build.py)
[2025-10-27 23:06:48] bump_on_build: returncode=0
[2025-10-27 23:06:48] bump_on_build: stdout:
Generated C:\Users\gary\OneDrive\Documents\PlatformIO\Projects\ThermaBridge\src\build_info.h with FW_VERSION=v1.3.72

[2025-10-27 23:07:25] bump_on_build: cwd=C:\Users\gary\OneDrive\Documents\PlatformIO\Projects\ThermaBridge
[2025-10-27 23:07:25] bump_on_build: checking bump script at C:\Users\gary\OneDrive\Documents\PlatformIO\Projects\ThermaBridge\scripts\bump_build.py
[2025-10-27 23:07:25] bump_on_build: invoking bump script (python C:\Users\gary\OneDrive\Documents\PlatformIO\Projects\ThermaBridge\scripts\bump_build.py)
[2025-10-27 23:07:25] bump_on_build: returncode=0
[2025-10-27 23:07:25] bump_on_build: stdout:
Generated C:\Users\gary\OneDrive\Documents\PlatformIO\Projects\ThermaBridge\src\build_info.h with FW_VERSION=v1.3.73

[2025-10-27 23:09:01] bump_on_build: cwd=C:\Users\gary\OneDrive\Documents\PlatformIO\Projects\ThermaBridge
[2025-10-27 23:09:01] bump_on_build: checking bump script at C:\Users\gary\OneDrive\Documents\PlatformIO\Projects\ThermaBridge\scripts\bump_build.py
[2025-10-27 23:09:01] bump_on_build: invoking bump script (python C:\Users\gary\OneDrive\Documents\PlatformIO\Projects\ThermaBridge\scripts\bump_build.py)
[2025-10-27 23:09:01] bump_on_build: returncode=0
[2025-10-27 23:09:01] bump_on_build: stdout:
Generated C:\Users\gary\OneDrive\Documents\PlatformIO\Projects\ThermaBridge\src\build_info.h with FW_VERSION=v1.3.74

[2025-10-27 23:09:22] bump_on_build: cwd=C:\Users\gary\OneDrive\Documents\PlatformIO\Projects\ThermaBridge
[2025-10-27 23:09:22] bump_on_build: checking bump script at C:\Users\gary\OneDrive\Documents\PlatformIO\Projects\ThermaBridge\scripts\bump_build.py
[2025-10-27 23:09:22] bump_on_build: invoking bump script (python C:\Users\gary\OneDrive\Documents\PlatformIO\Projects\ThermaBridge\scripts\bump_build.py)
[2025-10-27 23:09:22] bump_on_build: returncode=0
[2025-10-27 23:09:22] bump_on_build: stdout:
Generated C:\Users\gary\OneDrive\Documents\PlatformIO\Projects\ThermaBridge\src\build_info.h with FW_VERSION=v1.3.75

[2025-10-27 23:09:27] bump_on_build: cwd=C:\Users\gary\OneDrive\Documents\PlatformIO\Projects\ThermaBridge
[2025-10-27 23:09:27] bump_on_build: checking bump script at C:\Users\gary\OneDrive\Documents\PlatformIO\Projects\ThermaBridge\scripts\bump_build.py
[2025-10-27 23:09:27] bump_on_build: invoking bump script (python C:\Users\gary\OneDrive\Documents\PlatformIO\Projects\ThermaBridge\scripts\bump_build.py)
[2025-10-27 23:09:27] bump_on_build: returncode=0
[2025-10-27 23:09:27] bump_on_build: stdout:
Generated C:\Users\gary\OneDrive\Documents\PlatformIO\Projects\ThermaBridge\src\build_info.h with FW_VERSION=v1.3.76

[2025-10-27 23:09:36] bump_on_build: cwd=C:\Users\gary\OneDrive\Documents\PlatformIO\Projects\ThermaBridge
[2025-10-27 23:09:36] bump_on_build: checking bump script at C:\Users\gary\OneDrive\Documents\PlatformIO\Projects\ThermaBridge\scripts\bump_build.py
[2025-10-27 23:09:36] bump_on_build: invoking bump script (python C:\Users\gary\OneDrive\Documents\PlatformIO\Projects\ThermaBridge\scripts\bump_build.py)
[2025-10-27 23:09:36] bump_on_build: returncode=0
[2025-10-27 23:09:36] bump_on_build: stdout:
Generated C:\Users\gary\OneDrive\Documents\PlatformIO\Projects\ThermaBridge\src\build_info.h with FW_VERSION=v1.3.77

[2025-10-27 23:09:50] bump_on_build: cwd=C:\Users\gary\OneDrive\Documents\PlatformIO\Projects\ThermaBridge
[2025-10-27 23:09:50] bump_on_build: checking bump script at C:\Users\gary\OneDrive\Documents\PlatformIO\Projects\ThermaBridge\scripts\bump_build.py
[2025-10-27 23:09:50] bump_on_build: invoking bump script (python C:\Users\gary\OneDrive\Documents\PlatformIO\Projects\ThermaBridge\scripts\bump_build.py)
[2025-10-27 23:09:50] bump_on_build: returncode=0
[2025-10-27 23:09:50] bump_on_build: stdout:
Generated C:\Users\gary\OneDrive\Documents\PlatformIO\Projects\ThermaBridge\src\build_info.h with FW_VERSION=v1.3.78

